../Core/Src/main.c:66:6:DAC_Write4	16	static
../Core/Src/main.c:82:6:DAC_PrecomputeMasks	24	static
../Core/Src/main.c:103:6:HAL_TIM_PeriodElapsedCallback	16	static
../Core/Src/main.c:110:5:main	400	static
../Core/Src/main.c:232:6:SystemClock_Config	88	static
../Core/Src/main.c:255:6:Debug_PrintClocks	144	static
../Core/Src/main.c:281:6:GPIO_Init	40	static
../Core/Src/main.c:345:6:USART2_Init	32	static
../Core/Src/main.c:368:6:USART1_Init	32	static
../Core/Src/main.c:391:6:USART6_Init	32	static
../Core/Src/main.c:414:6:TIM3_Init	24	static
../Core/Src/main.c:445:13:RS485_SetReceive	8	static
../Core/Src/main.c:452:13:Debug_Print	16	static
../Core/Src/main.c:458:6:DRA_Send	16	static
../Core/Src/main.c:464:6:DRA_Init	8	static
../Core/Src/main.c:483:6:Error_Handler	8	static
